Starting Allotment Test...
Added waiting student with ID: 12
Selected Room: 202 (ID: 5), Occupancy: 1
Allotting student 12 to room 202...
Allotment successful!
Student found in students table: Test Student
  Branch: CSE
  Year: 2
  Payment Status: Pending
  Room ID: 1 (Expected: 5)
python : Traceback (most recent call last):
At line:1 char:1
+ python test_allotment.py > test_output.txt 2>&1
+ ~~~~~~~~~~~~~~~~~~~~~~~~~~~~~~~~~~~~~~~~~~~~~~~
    + CategoryInfo          : NotSpecified: 
(Tracebac    k (most recent call last)::String) 
[], RemoteExce    ption
    + FullyQualifiedErrorId : NativeCommandError
 
  File "C:\Users\pavan\OneDrive\Desktop\DBMS\test
_allotment.py", line 119, in <module>
    test_allotment()
  File "C:\Users\pavan\OneDrive\Desktop\DBMS\test
_allotment.py", line 74, in test_allotment
    assert student['room_id'] == room_id
AssertionError
